  function.cpp
E:\Code\功能函数\功能函数\function.cpp(44,10): warning C4477: “printf”: 格式字符串“%ld”需要类型“long”的参数，但可变参数 1 拥有了类型“__int64”
      E:\Code\功能函数\功能函数\function.cpp(44,10):
      请考虑在格式字符串中使用“%lld”
      E:\Code\功能函数\功能函数\function.cpp(44,10):
      请考虑在格式字符串中使用“%Id”
      E:\Code\功能函数\功能函数\function.cpp(44,10):
      请考虑在格式字符串中使用“%I64d”
  
E:\Code\功能函数\功能函数\function.cpp(44,10): warning C4477: “printf”: 格式字符串“%ld”需要类型“long”的参数，但可变参数 2 拥有了类型“__int64”
      E:\Code\功能函数\功能函数\function.cpp(44,10):
      请考虑在格式字符串中使用“%lld”
      E:\Code\功能函数\功能函数\function.cpp(44,10):
      请考虑在格式字符串中使用“%Id”
      E:\Code\功能函数\功能函数\function.cpp(44,10):
      请考虑在格式字符串中使用“%I64d”
  
E:\Code\功能函数\功能函数\function.cpp(44,10): warning C4477: “printf”: 格式字符串“%ld”需要类型“long”的参数，但可变参数 3 拥有了类型“__int64”
      E:\Code\功能函数\功能函数\function.cpp(44,10):
      请考虑在格式字符串中使用“%lld”
      E:\Code\功能函数\功能函数\function.cpp(44,10):
      请考虑在格式字符串中使用“%Id”
      E:\Code\功能函数\功能函数\function.cpp(44,10):
      请考虑在格式字符串中使用“%I64d”
  
E:\Code\功能函数\功能函数\function.cpp(44,10): warning C4477: “printf”: 格式字符串“%ld”需要类型“long”的参数，但可变参数 4 拥有了类型“__int64”
      E:\Code\功能函数\功能函数\function.cpp(44,10):
      请考虑在格式字符串中使用“%lld”
      E:\Code\功能函数\功能函数\function.cpp(44,10):
      请考虑在格式字符串中使用“%Id”
      E:\Code\功能函数\功能函数\function.cpp(44,10):
      请考虑在格式字符串中使用“%I64d”
  
E:\Code\功能函数\功能函数\function.cpp(37,25): warning C4101: “result”: 未引用的局部变量
  功能函数.vcxproj -> E:\Code\功能函数\x64\Debug\功能函数.exe
